{
  "items": [
    {
      "uuid": "71fd84b4-5391-473b-a7bb-e87aee94e4af",
      "title": "Star Trek",
      "imdb_rating": 7.4
    },
    {
      "uuid": "6ca6dcd7-cd61-4db1-b9c3-efa531d5ea9a",
      "title": "Ivan Vasilyevich Changes His Profession",
      "imdb_rating": 7.8
    },
    {
      "uuid": "40e88b44-ed99-4b59-b1ce-6cd712b4547c",
      "title": "Terminator 3: Rise of the Machines",
      "imdb_rating": 5.9
    }
  ],
  "total": 3,
  "page_number": 1,
  "page_size": 20
}