{
  "items": [
    {
      "uuid": "3a87d590-7250-4e0d-b89f-c62aa5a5c868",
      "title": "Львиная доля",
      "imdb_rating": 4
    },
    {
      "uuid": "40e88b44-ed99-4b59-b1ce-6cd712b4547c",
      "title": "Terminator 3: Rise of the Machines",
      "imdb_rating": 5.9
    },
    {
      "uuid": "49243906-71ce-4f30-b5e1-adeea47bdce6",
      "title": "Operation Y and Other Shurik's Adventures",
      "imdb_rating": 7.5
    },
    {
      "uuid": "6188ff7f-5717-45bf-983f-c9f6aa0cf724",
      "title": "Chelovek, kotoryy znal vsyo",
      "imdb_rating": 6
    },
    {
      "uuid": "679e1fc8-bdbb-4298-b007-c76cf7c5e294",
      "title": "Іван Сила",
      "imdb_rating": 7
    },
    {
      "uuid": "6ca6dcd7-cd61-4db1-b9c3-efa531d5ea9a",
      "title": "Ivan Vasilyevich Changes His Profession",
      "imdb_rating": 7.8
    },
    {
      "uuid": "71fd84b4-5391-473b-a7bb-e87aee94e4af",
      "title": "Star Trek",
      "imdb_rating": 7.4
    },
    {
      "uuid": "a8f8d211-2ed5-4155-913d-2dbd52fa016b",
      "title": "Dura",
      "imdb_rating": 4.3
    },
    {
      "uuid": "bfac159c-a7ec-48f1-b28c-3e914f40fc12",
      "title": "Terminator 2: Judgment Day",
      "imdb_rating": 7.7
    },
    {
      "uuid": "c3565f1d-1bda-4d13-afc1-3e734ce48c7d",
      "title": "The Terminator",
      "imdb_rating": 7.4
    }
  ],
  "total": 10,
  "page_number": 1,
  "page_size": 10
}