{
  "uuid": "0d3f19e6-c4d2-4610-a2a7-1777dab77bb0",
  "full_name": "Susan Merson",
  "birth_date": "1962-02-22",
  "film_works": [
    {
      "uuid": "40e88b44-ed99-4b59-b1ce-6cd712b4547c",
      "title": "Terminator 3: Rise of the Machines",
      "imdb_rating": 5.9,
      "role": "actor"
    }
  ]
}