{
    "items": [
        {
            "uuid": "f4bee4d2-5c8a-42cc-9dd7-f60a32028230",
            "full_name": "David Andrews"
        }
    ],
    "total": 1,
    "page_number": 1,
    "page_size": 20
}