{
  "items": [
    {
      "uuid": "c15521b1-b3dc-450a-9daa-37e51b591d75",
      "name": "Fantasy"
    }
  ],
  "total": 1,
  "page_number": null,
  "page_size": null
}