{
  "uuid": "87751d4c-a850-4e2c-84dc-da6a797d76de",
  "name": "Adventure",
  "description": ""
}