{
  "uuid": "6ca6dcd7-cd61-4db1-b9c3-efa531d5ea9a",
  "title": "Ivan Vasilyevich Changes His Profession",
  "imdb_rating": 7.8,
  "description": "Shurik Timofeev builds a working model of a time machine. By accident, Ivan Bunsha, an apartment complex manager, and George Miloslavsky, a petty burglar, are transferred to 16th century Moscow, while Tsar Ivan the Terrible goes into the year 1973.",
  "genres": [
    {
      "uuid": "21b8c26b-c023-43ab-95da-cb8f8c773fe6",
      "name": "Comedy"
    },
    {
      "uuid": "485e788e-90b5-4afd-8b28-0f30cd16d4d3",
      "name": "Science Fiction"
    }
  ],
  "directors": [],
  "writers": [
    {
      "uuid": "240c4292-8201-4d6a-9ea8-679369b6db6e",
      "full_name": "Vladlen Bakhnov"
    },
    {
      "uuid": "d0dd7324-eef2-4a70-95b1-892c9132efd2",
      "full_name": "Mikhail Bulgakov"
    }
  ],
  "actors": [
    {
      "uuid": "2f9ca01e-c693-437b-991f-b224e17340ee",
      "full_name": "Aleksandr Demyanenko"
    },
    {
      "uuid": "66b73989-3982-4ce8-af5c-9e438315338e",
      "full_name": "Yuriy Yakovlev"
    },
    {
      "uuid": "7cb8b412-4533-4c90-a438-77bf274b4d88",
      "full_name": "Natalya Kustinskaya"
    },
    {
      "uuid": "964ba2e5-6b01-46a2-a7ce-e970a3a52fce",
      "full_name": "Natalya Krachkovskaya"
    },
    {
      "uuid": "a9115468-8cb5-481b-b384-5b44e4d21490",
      "full_name": "Savely Kramarov"
    },
    {
      "uuid": "b56f82a4-f897-4273-8754-01e992ee0bd0",
      "full_name": "Larisa Eryomina"
    },
    {
      "uuid": "c4c32356-8eab-4882-a6b8-d191a7dfba74",
      "full_name": "Leonid Kuravlyov"
    },
    {
      "uuid": "d897757e-8262-4b2a-aebd-5e9255ee16fa",
      "full_name": "Sergei Filippov"
    },
    {
      "uuid": "f676975e-a319-42d4-85e4-4485090e1937",
      "full_name": "Vladimir Etush"
    }
  ]
}