{
  "items": [
    {
      "uuid": "374f469f-e3e0-4eda-9a6b-b5639dfcfbd4",
      "name": "Thriller"
    },
    {
      "uuid": "c15521b1-b3dc-450a-9daa-37e51b591d75",
      "name": "Fantasy"
    },
    {
      "uuid": "8bb01460-217f-471c-be0a-e8fa1ceac2cc",
      "name": "Action"
    },
    {
      "uuid": "72e63ac7-a953-4322-9f70-d5dc2e675fc7",
      "name": "Drama"
    },
    {
      "uuid": "87751d4c-a850-4e2c-84dc-da6a797d76de",
      "name": "Adventure"
    },
    {
      "uuid": "21b8c26b-c023-43ab-95da-cb8f8c773fe6",
      "name": "Comedy"
    },
    {
      "uuid": "485e788e-90b5-4afd-8b28-0f30cd16d4d3",
      "name": "Science Fiction"
    }
  ],
  "total": 7,
  "page_number": null,
  "page_size": null
}