{
  "items": [],
  "total": 0,
  "page_number": null,
  "page_size": null
}