{
  "items": [
    {
      "uuid": "045dfb5c-58ae-4ec8-b2d3-d4070d43ccf9",
      "full_name": "Regina Myannik"
    },
    {
      "uuid": "0c80fef2-0b12-4a1a-83d1-eb807d6a0cfc",
      "full_name": "Dmitriy Pevtsov"
    },
    {
      "uuid": "0d3f19e6-c4d2-4610-a2a7-1777dab77bb0",
      "full_name": "Susan Merson"
    },
    {
      "uuid": "10e79661-7670-46d0-8104-5a846c9c7062",
      "full_name": "Chopper Bernet"
    },
    {
      "uuid": "12cda55f-de20-4780-9c83-c58d19339d58",
      "full_name": "Dick Miller"
    },
    {
      "uuid": "17108d0b-0566-42b8-941a-83e63d784ef6",
      "full_name": "Igor Gasparyan"
    },
    {
      "uuid": "1c2cef19-a08d-4666-98a8-2c1616593982",
      "full_name": "Dmytro Khaladgi"
    },
    {
      "uuid": "1dc78667-3ba3-4845-9012-986dceedd05f",
      "full_name": "Tatyana Lyutaeva"
    },
    {
      "uuid": "1e4f79c1-ea8b-4582-8218-dd69b01bdb53",
      "full_name": "Игорь Сахновский"
    },
    {
      "uuid": "207483e6-a00c-4db7-a6f6-bb5a6c9bdfd4",
      "full_name": "Daniel D. Lee"
    },
    {
      "uuid": "240c4292-8201-4d6a-9ea8-679369b6db6e",
      "full_name": "Vladlen Bakhnov"
    },
    {
      "uuid": "26e47942-88a0-4a14-afff-929e97831b6e",
      "full_name": "Boris Barsky"
    },
    {
      "uuid": "29e4b601-7d1a-4d37-86d3-bff0fe18979b",
      "full_name": "Dmitriy Shevchenko"
    },
    {
      "uuid": "2ada4a49-dfc5-460b-9c1d-af0777bcad53",
      "full_name": "John E. Bristol"
    },
    {
      "uuid": "2de6140b-1ded-476c-8cce-2dd43e7af7b2",
      "full_name": "James Derrick"
    },
    {
      "uuid": "2f9ca01e-c693-437b-991f-b224e17340ee",
      "full_name": "Aleksandr Demyanenko"
    },
    {
      "uuid": "32a84ce1-b9de-4f86-8c22-f528ae0bd3a2",
      "full_name": "Ivanna Sakhno"
    },
    {
      "uuid": "32b82fd1-ce06-4801-a610-99962bec55af",
      "full_name": "Anna Katarina"
    },
    {
      "uuid": "3499da28-d6ba-4d4a-8f7e-81c09c6b0912",
      "full_name": "J. Randolph Harrison"
    },
    {
      "uuid": "4364fa0f-95cc-48dc-80c7-5eac6ba44997",
      "full_name": "Jolene Kay"
    },
    {
      "uuid": "4864b1b9-05a2-468a-bb23-22323896c0e1",
      "full_name": "Robert Winley"
    },
    {
      "uuid": "4ed91aa7-6df2-45c8-ac21-383af5a3cc58",
      "full_name": "Vladimir Mirzoyev"
    },
    {
      "uuid": "66b73989-3982-4ce8-af5c-9e438315338e",
      "full_name": "Yuriy Yakovlev"
    },
    {
      "uuid": "6b6d07a1-ffef-4bc6-a993-a48c335d98fb",
      "full_name": "Dmitriy Maryanov"
    },
    {
      "uuid": "772967ef-1664-410a-8bf6-95e23b865739",
      "full_name": "Igor Zolotovitsky"
    },
    {
      "uuid": "7cb8b412-4533-4c90-a438-77bf274b4d88",
      "full_name": "Natalya Kustinskaya"
    },
    {
      "uuid": "7d2a86c6-fdc5-4796-982e-58ce7de7b269",
      "full_name": "Igor Pismennyy"
    },
    {
      "uuid": "7f6f74dd-3af4-4a80-b3bb-6157eed8aea1",
      "full_name": "Olga Volkova"
    },
    {
      "uuid": "7ffe128a-2d00-4ffd-b81d-f37ac815ae17",
      "full_name": "Jonathan Mostow"
    },
    {
      "uuid": "7fff2ad3-ad14-46b1-b74c-ff7d4a9cb8de",
      "full_name": "Vladimir Basov"
    },
    {
      "uuid": "8031604e-6261-4444-ac23-f340cff69f67",
      "full_name": "Nancy Fish"
    },
    {
      "uuid": "846e6485-9869-431c-9eae-e86c10a6d310",
      "full_name": "Steve Wharton"
    },
    {
      "uuid": "85550065-853c-453c-9023-f6bc4717ef19",
      "full_name": "Evgeniy Redko"
    },
    {
      "uuid": "898e3926-cb57-4a00-88be-b24670a3b9fb",
      "full_name": "Aleksandr Baluev"
    },
    {
      "uuid": "89c87a21-548a-4fbb-9bda-5ff3e5b9fe34",
      "full_name": "Yuri Belyayev"
    },
    {
      "uuid": "8c4dcae0-261a-42e8-a01b-75acfcb0b145",
      "full_name": "Ekaterina Guseva"
    },
    {
      "uuid": "964ba2e5-6b01-46a2-a7ce-e970a3a52fce",
      "full_name": "Natalya Krachkovskaya"
    },
    {
      "uuid": "96ad89ee-e8ab-4a43-9ebf-8c9fecb50f10",
      "full_name": "Bogdan Benyuk"
    },
    {
      "uuid": "988e35fc-ebc2-48cf-8a0e-651b65b54945",
      "full_name": "Владимир Брагин"
    },
    {
      "uuid": "9f515a92-9aa7-4e51-aacd-6c5f8ecd2ee5",
      "full_name": "Nana Hill"
    },
    {
      "uuid": "a3ba9b10-6052-4f6c-801d-fa931e770dc6",
      "full_name": "Chulpan Khamatova"
    },
    {
      "uuid": "a9115468-8cb5-481b-b384-5b44e4d21490",
      "full_name": "Savely Kramarov"
    },
    {
      "uuid": "af880da3-cb79-4f10-a199-9527dbf72c37",
      "full_name": "Aleksandr Muratov"
    },
    {
      "uuid": "b56f82a4-f897-4273-8754-01e992ee0bd0",
      "full_name": "Larisa Eryomina"
    },
    {
      "uuid": "b92425b4-4fc3-4fcb-ab19-c0f568f3573d",
      "full_name": "Georgiy Vitsin"
    },
    {
      "uuid": "bf039d04-c5c2-4dd4-93d3-379129a126cf",
      "full_name": "Oksana Korostyshevskaya"
    },
    {
      "uuid": "c4c32356-8eab-4882-a6b8-d191a7dfba74",
      "full_name": "Leonid Kuravlyov"
    },
    {
      "uuid": "c5266621-d024-419e-91e2-7ae04ac75557",
      "full_name": "Bill Paxton"
    },
    {
      "uuid": "c56deb48-3b52-41a2-90fb-58ceaf28a173",
      "full_name": "Viktor Pavlov"
    },
    {
      "uuid": "c65a6098-d0c7-400e-9d0f-335477a879c3",
      "full_name": "Maxim Korostyshevsky"
    },
    {
      "uuid": "cb06f9f9-36c3-47be-a4c4-fccb55e82f90",
      "full_name": "Vasyl Virastyuk"
    },
    {
      "uuid": "cd72e685-28c7-4cf8-a351-0f14d568d7c0",
      "full_name": "Egor Beroev"
    },
    {
      "uuid": "d0dbd553-9623-4a2f-bc0c-532180bba230",
      "full_name": "Nikolay Chindyaykin"
    },
    {
      "uuid": "d0dd7324-eef2-4a70-95b1-892c9132efd2",
      "full_name": "Mikhail Bulgakov"
    },
    {
      "uuid": "d38503d6-83a0-44d5-975b-aa61c680e04a",
      "full_name": "Olga Sumskaya"
    },
    {
      "uuid": "d3e68ac0-22ff-428d-9b2d-d1173af6371b",
      "full_name": "Vladimir Vladislavskiy"
    },
    {
      "uuid": "d784531a-05b7-4822-a995-f283fc6a898c",
      "full_name": "Viktor Andrienko"
    },
    {
      "uuid": "d897757e-8262-4b2a-aebd-5e9255ee16fa",
      "full_name": "Sergei Filippov"
    },
    {
      "uuid": "e1afd95c-b547-41a5-8697-9999fa697686",
      "full_name": "Arnold Schwarzenegger"
    },
    {
      "uuid": "e27ebcd7-003e-4a4d-9e5c-c38d282ff141",
      "full_name": "Dan Stanton"
    },
    {
      "uuid": "e47bfa75-dc37-4db8-b1c3-1e0f0edae947",
      "full_name": "Oleg Primogenov"
    },
    {
      "uuid": "eab7ff66-3e07-42e0-b708-7b1bc7ccfb8c",
      "full_name": "Leonard Nimoy"
    },
    {
      "uuid": "ee1bbda3-8c15-4669-a49a-93aacce929f6",
      "full_name": "Brian Thompson"
    },
    {
      "uuid": "f4bee4d2-5c8a-42cc-9dd7-f60a32028230",
      "full_name": "David Andrews"
    },
    {
      "uuid": "f676975e-a319-42d4-85e4-4485090e1937",
      "full_name": "Vladimir Etush"
    }
  ],
  "total": 65,
  "page_number": 1,
  "page_size": 65
}