{
  "items": [],
  "total": 0,
  "page_number": 1,
  "page_size": 20
}